---
source: tests/cli/apply/traditional/validate_checksum.rs
expression: stdout
---

