---
source: tests/cli/apply/e2e.rs
expression: third_migration_definition.schemas.unwrap_or_default()
snapshot_kind: text
---
--- original
+++ modified
@@ -1,3 +1,9 @@
+DEFINE TABLE OVERWRITE archive SCHEMALESS;
+
+DEFINE FIELD OVERWRITE name ON archive TYPE string;
+DEFINE FIELD OVERWRITE from_date ON archive TYPE datetime;
+DEFINE FIELD OVERWRITE to_date ON archive TYPE datetime;
+DEFINE FIELD OVERWRITE created_at ON archive TYPE datetime VALUE time::now() READONLY;
 DEFINE TABLE OVERWRITE category SCHEMALESS;

 DEFINE FIELD OVERWRITE name ON category TYPE string;
