---
source: tests/cli/apply/common.rs
expression: stderr
---
error: the argument '--up <UP>' cannot be used with:
  --down <DOWN>
  --reset

Usage: surrealdb-migrations apply --up <UP>

For more information, try '--help'.
