---
source: tests/cli/apply/common.rs
expression: stderr
---
error: the argument '--down [<DOWN>]' cannot be used with '--redo <REDO>'

Usage: surrealdb-migrations apply --down [<DOWN>]

For more information, try '--help'.
