---
source: tests/cli/apply/redo.rs
expression: stderr
---
Error: 
   0: The migration file was not found

[location]

Backtrace omitted. Run with RUST_BACKTRACE=1 environment variable to display it.
Run with RUST_BACKTRACE=full to include source snippets.
