---
source: tests/cli/diff.rs
expression: stdout
---
No changes detected.
