---
source: tests/cli/scaffold/traditional/template.rs
expression: initial_down_content
---
REMOVE FIELD checksum ON script_migration;
REMOVE FIELD executed_at ON script_migration;
REMOVE FIELD script_name ON script_migration;
REMOVE TABLE script_migration;
